Display_LED.c:32:6:set_Time_RED	16	static
Display_LED.c:36:6:set_Time_YELLOW	16	static
Display_LED.c:40:6:set_Time_GREEN	16	static
Display_LED.c:44:6:setTime_ALL_LED_TRAFFIC	4	static
Display_LED.c:55:5:get_Time_RED	4	static
Display_LED.c:59:5:get_Time_YELLOW	4	static
Display_LED.c:63:5:get_Time_GREEN	4	static
Display_LED.c:69:6:ToggleSignal_TOP_BOTTOM_LED	16	static
Display_LED.c:92:6:ToggleSignal_LEFT_RIGHT_LED	16	static
Display_LED.c:116:6:display7SEG	16	static
Display_LED.c:234:6:clearALLLED_Traffic	8	static
Display_LED.c:248:6:clearALLLED7SEG_Control	8	static
Display_LED.c:256:6:display_TRAFFICLIGHT_LEFT_RIGHT	8	static
Display_LED.c:278:6:display_LED7SEG_CONTROLLER	16	static
Display_LED.c:310:6:Blinking_LED	16	static
Display_LED.c:345:6:display_TRAFFICLIGHT_TOP_BOTTOM	8	static
Display_LED.c:386:6:display_4LINE_TRAFFICLIGHT	8	static
