Archive member included to satisfy reference by file (symbol)

d:/stmcute/stm32cubeide_1.7.0/stm32cubeide/plugins/com.st.stm32cube.ide.mcu.externaltools.gnu-tools-for-stm32.9-2020-q2-update.win32_2.0.0.202105311346/tools/bin/../lib/gcc/arm-none-eabi/9.3.1/../../../../arm-none-eabi/lib/thumb/v7-m/nofp\libc_nano.a(lib_a-errno.o)
                              ./Core/Src/syscalls.o (__errno)
d:/stmcute/stm32cubeide_1.7.0/stm32cubeide/plugins/com.st.stm32cube.ide.mcu.externaltools.gnu-tools-for-stm32.9-2020-q2-update.win32_2.0.0.202105311346/tools/bin/../lib/gcc/arm-none-eabi/9.3.1/../../../../arm-none-eabi/lib/thumb/v7-m/nofp\libc_nano.a(lib_a-exit.o)
                              d:/stmcute/stm32cubeide_1.7.0/stm32cubeide/plugins/com.st.stm32cube.ide.mcu.externaltools.gnu-tools-for-stm32.9-2020-q2-update.win32_2.0.0.202105311346/tools/bin/../lib/gcc/arm-none-eabi/9.3.1/../../../../arm-none-eabi/lib/thumb/v7-m/nofp/crt0.o (exit)
d:/stmcute/stm32cubeide_1.7.0/stm32cubeide/plugins/com.st.stm32cube.ide.mcu.externaltools.gnu-tools-for-stm32.9-2020-q2-update.win32_2.0.0.202105311346/tools/bin/../lib/gcc/arm-none-eabi/9.3.1/../../../../arm-none-eabi/lib/thumb/v7-m/nofp\libc_nano.a(lib_a-impure.o)
                              d:/stmcute/stm32cubeide_1.7.0/stm32cubeide/plugins/com.st.stm32cube.ide.mcu.externaltools.gnu-tools-for-stm32.9-2020-q2-update.win32_2.0.0.202105311346/tools/bin/../lib/gcc/arm-none-eabi/9.3.1/../../../../arm-none-eabi/lib/thumb/v7-m/nofp\libc_nano.a(lib_a-exit.o) (_global_impure_ptr)
d:/stmcute/stm32cubeide_1.7.0/stm32cubeide/plugins/com.st.stm32cube.ide.mcu.externaltools.gnu-tools-for-stm32.9-2020-q2-update.win32_2.0.0.202105311346/tools/bin/../lib/gcc/arm-none-eabi/9.3.1/../../../../arm-none-eabi/lib/thumb/v7-m/nofp\libc_nano.a(lib_a-init.o)
                              d:/stmcute/stm32cubeide_1.7.0/stm32cubeide/plugins/com.st.stm32cube.ide.mcu.externaltools.gnu-tools-for-stm32.9-2020-q2-update.win32_2.0.0.202105311346/tools/bin/../lib/gcc/arm-none-eabi/9.3.1/../../../../arm-none-eabi/lib/thumb/v7-m/nofp/crt0.o (__libc_init_array)
d:/stmcute/stm32cubeide_1.7.0/stm32cubeide/plugins/com.st.stm32cube.ide.mcu.externaltools.gnu-tools-for-stm32.9-2020-q2-update.win32_2.0.0.202105311346/tools/bin/../lib/gcc/arm-none-eabi/9.3.1/../../../../arm-none-eabi/lib/thumb/v7-m/nofp\libc_nano.a(lib_a-memset.o)
                              d:/stmcute/stm32cubeide_1.7.0/stm32cubeide/plugins/com.st.stm32cube.ide.mcu.externaltools.gnu-tools-for-stm32.9-2020-q2-update.win32_2.0.0.202105311346/tools/bin/../lib/gcc/arm-none-eabi/9.3.1/../../../../arm-none-eabi/lib/thumb/v7-m/nofp/crt0.o (memset)

Allocating common symbols
Common symbol       size              file

uwTick              0x4               ./Drivers/STM32F1xx_HAL_Driver/Src/stm32f1xx_hal.o
pFlash              0x20              ./Drivers/STM32F1xx_HAL_Driver/Src/stm32f1xx_hal_flash.o
htim2               0x48              ./Core/Src/main.o

Discarded input sections

 .text          0x0000000000000000        0x0 d:/stmcute/stm32cubeide_1.7.0/stm32cubeide/plugins/com.st.stm32cube.ide.mcu.externaltools.gnu-tools-for-stm32.9-2020-q2-update.win32_2.0.0.202105311346/tools/bin/../lib/gcc/arm-none-eabi/9.3.1/thumb/v7-m/nofp/crti.o
 .data          0x0000000000000000        0x0 d:/stmcute/stm32cubeide_1.7.0/stm32cubeide/plugins/com.st.stm32cube.ide.mcu.externaltools.gnu-tools-for-stm32.9-2020-q2-update.win32_2.0.0.202105311346/tools/bin/../lib/gcc/arm-none-eabi/9.3.1/thumb/v7-m/nofp/crti.o
 .bss           0x0000000000000000        0x0 d:/stmcute/stm32cubeide_1.7.0/stm32cubeide/plugins/com.st.stm32cube.ide.mcu.externaltools.gnu-tools-for-stm32.9-2020-q2-update.win32_2.0.0.202105311346/tools/bin/../lib/gcc/arm-none-eabi/9.3.1/thumb/v7-m/nofp/crti.o
 .data          0x0000000000000000        0x4 d:/stmcute/stm32cubeide_1.7.0/stm32cubeide/plugins/com.st.stm32cube.ide.mcu.externaltools.gnu-tools-for-stm32.9-2020-q2-update.win32_2.0.0.202105311346/tools/bin/../lib/gcc/arm-none-eabi/9.3.1/thumb/v7-m/nofp/crtbegin.o
 .text          0x0000000000000000       0x7c d:/stmcute/stm32cubeide_1.7.0/stm32cubeide/plugins/com.st.stm32cube.ide.mcu.externaltools.gnu-tools-for-stm32.9-2020-q2-update.win32_2.0.0.202105311346/tools/bin/../lib/gcc/arm-none-eabi/9.3.1/../../../../arm-none-eabi/lib/thumb/v7-m/nofp/crt0.o
 .data          0x0000000000000000        0x0 d:/stmcute/stm32cubeide_1.7.0/stm32cubeide/plugins/com.st.stm32cube.ide.mcu.externaltools.gnu-tools-for-stm32.9-2020-q2-update.win32_2.0.0.202105311346/tools/bin/../lib/gcc/arm-none-eabi/9.3.1/../../../../arm-none-eabi/lib/thumb/v7-m/nofp/crt0.o
 .bss           0x0000000000000000        0x0 d:/stmcute/stm32cubeide_1.7.0/stm32cubeide/plugins/com.st.stm32cube.ide.mcu.externaltools.gnu-tools-for-stm32.9-2020-q2-update.win32_2.0.0.202105311346/tools/bin/../lib/gcc/arm-none-eabi/9.3.1/../../../../arm-none-eabi/lib/thumb/v7-m/nofp/crt0.o
[...]
Memory Configuration

Name             Origin             Length             Attributes
RAM              0x0000000020000000 0x0000000000002800 xrw
FLASH            0x0000000008000000 0x0000000000008000 xr
*default*        0x0000000000000000 0xffffffffffffffff

Linker script and memory map

LOAD d:/stmcute/stm32cubeide_1.7.0/stm32cubeide/plugins/com.st.stm32cube.ide.mcu.externaltools.gnu-tools-for-stm32.9-2020-q2-update.win32_2.0.0.202105311346/tools/bin/../lib/gcc/arm-none-eabi/9.3.1/thumb/v7-m/nofp/crti.o
LOAD d:/stmcute/stm32cubeide_1.7.0/stm32cubeide/plugins/com.st.stm32cube.ide.mcu.externaltools.gnu-tools-for-stm32.9-2020-q2-update.win32_2.0.0.202105311346/tools/bin/../lib/gcc/arm-none-eabi/9.3.1/thumb/v7-m/nofp/crtbegin.o
LOAD d:/stmcute/stm32cubeide_1.7.0/stm32cubeide/plugins/com.st.stm32cube.ide.mcu.externaltools.gnu-tools-for-stm32.9-2020-q2-update.win32_2.0.0.202105311346/tools/bin/../lib/gcc/arm-none-eabi/9.3.1/../../../../arm-none-eabi/lib/thumb/v7-m/nofp/crt0.o
LOAD ./Core/Src/Display_LED.o
LOAD ./Core/Src/Finite_State_Machine.h.o
LOAD ./Core/Src/button.o
LOAD ./Core/Src/main.o
LOAD ./Core/Src/software_timer.o
LOAD ./Core/Src/stm32f1xx_hal_msp.o
LOAD ./Core/Src/stm32f1xx_it.o
LOAD ./Core/Src/syscalls.o
LOAD ./Core/Src/sysmem.o
LOAD ./Core/Src/system_stm32f1xx.o
LOAD ./Core/Startup/startup_stm32f103c6tx.o
LOAD ./Drivers/STM32F1xx_HAL_Driver/Src/stm32f1xx_hal.o
LOAD ./Drivers/STM32F1xx_HAL_Driver/Src/stm32f1xx_hal_cortex.o
LOAD ./Drivers/STM32F1xx_HAL_Driver/Src/stm32f1xx_hal_dma.o
LOAD ./Drivers/STM32F1xx_HAL_Driver/Src/stm32f1xx_hal_exti.o
LOAD ./Drivers/STM32F1xx_HAL_Driver/Src/stm32f1xx_hal_flash.o
LOAD ./Drivers/STM32F1xx_HAL_Driver/Src/stm32f1xx_hal_flash_ex.o
LOAD ./Drivers/STM32F1xx_HAL_Driver/Src/stm32f1xx_hal_gpio.o
LOAD ./Drivers/STM32F1xx_HAL_Driver/Src/stm32f1xx_hal_gpio_ex.o
LOAD ./Drivers/STM32F1xx_HAL_Driver/Src/stm32f1xx_hal_pwr.o
LOAD ./Drivers/STM32F1xx_HAL_Driver/Src/stm32f1xx_hal_rcc.o
LOAD ./Drivers/STM32F1xx_HAL_Driver/Src/stm32f1xx_hal_rcc_ex.o
LOAD ./Drivers/STM32F1xx_HAL_Driver/Src/stm32f1xx_hal_tim.o
LOAD ./Drivers/STM32F1xx_HAL_Driver/Src/stm32f1xx_hal_tim_ex.o
START GROUP
LOAD d:/stmcute/stm32cubeide_1.7.0/stm32cubeide/plugins/com.st.stm32cube.ide.mcu.externaltools.gnu-tools-for-stm32.9-2020-q2-update.win32_2.0.0.202105311346/tools/bin/../lib/gcc/arm-none-eabi/9.3.1/../../../../arm-none-eabi/lib/thumb/v7-m/nofp\libc_nano.a
LOAD d:/stmcute/stm32cubeide_1.7.0/stm32cubeide/plugins/com.st.stm32cube.ide.mcu.externaltools.gnu-tools-for-stm32.9-2020-q2-update.win32_2.0.0.202105311346/tools/bin/../lib/gcc/arm-none-eabi/9.3.1/../../../../arm-none-eabi/lib/thumb/v7-m/nofp\libm.a
END GROUP
START GROUP
LOAD d:/stmcute/stm32cubeide_1.7.0/stm32cubeide/plugins/com.st.stm32cube.ide.mcu.externaltools.gnu-tools-for-stm32.9-2020-q2-update.win32_2.0.0.202105311346/tools/bin/../lib/gcc/arm-none-eabi/9.3.1/thumb/v7-m/nofp\libgcc.a
LOAD d:/stmcute/stm32cubeide_1.7.0/stm32cubeide/plugins/com.st.stm32cube.ide.mcu.externaltools.gnu-tools-for-stm32.9-2020-q2-update.win32_2.0.0.202105311346/tools/bin/../lib/gcc/arm-none-eabi/9.3.1/../../../../arm-none-eabi/lib/thumb/v7-m/nofp\libc_nano.a
END GROUP
START GROUP
LOAD d:/stmcute/stm32cubeide_1.7.0/stm32cubeide/plugins/com.st.stm32cube.ide.mcu.externaltools.gnu-tools-for-stm32.9-2020-q2-update.win32_2.0.0.202105311346/tools/bin/../lib/gcc/arm-none-eabi/9.3.1/thumb/v7-m/nofp\libgcc.a
LOAD d:/stmcute/stm32cubeide_1.7.0/stm32cubeide/plugins/com.st.stm32cube.ide.mcu.externaltools.gnu-tools-for-stm32.9-2020-q2-update.win32_2.0.0.202105311346/tools/bin/../lib/gcc/arm-none-eabi/9.3.1/../../../../arm-none-eabi/lib/thumb/v7-m/nofp\libc_nano.a
LOAD d:/stmcute/stm32cubeide_1.7.0/stm32cubeide/plugins/com.st.stm32cube.ide.mcu.externaltools.gnu-tools-for-stm32.9-2020-q2-update.win32_2.0.0.202105311346/tools/bin/../lib/gcc/arm-none-eabi/9.3.1/../../../../arm-none-eabi/lib/thumb/v7-m/nofp\libnosys.a
END GROUP
START GROUP
LOAD d:/stmcute/stm32cubeide_1.7.0/stm32cubeide/plugins/com.st.stm32cube.ide.mcu.externaltools.gnu-tools-for-stm32.9-2020-q2-update.win32_2.0.0.202105311346/tools/bin/../lib/gcc/arm-none-eabi/9.3.1/thumb/v7-m/nofp\libgcc.a
LOAD d:/stmcute/stm32cubeide_1.7.0/stm32cubeide/plugins/com.st.stm32cube.ide.mcu.externaltools.gnu-tools-for-stm32.9-2020-q2-update.win32_2.0.0.202105311346/tools/bin/../lib/gcc/arm-none-eabi/9.3.1/../../../../arm-none-eabi/lib/thumb/v7-m/nofp\libc_nano.a
LOAD d:/stmcute/stm32cubeide_1.7.0/stm32cubeide/plugins/com.st.stm32cube.ide.mcu.externaltools.gnu-tools-for-stm32.9-2020-q2-update.win32_2.0.0.202105311346/tools/bin/../lib/gcc/arm-none-eabi/9.3.1/../../../../arm-none-eabi/lib/thumb/v7-m/nofp\libnosys.a
END GROUP
LOAD d:/stmcute/stm32cubeide_1.7.0/stm32cubeide/plugins/com.st.stm32cube.ide.mcu.externaltools.gnu-tools-for-stm32.9-2020-q2-update.win32_2.0.0.202105311346/tools/bin/../lib/gcc/arm-none-eabi/9.3.1/thumb/v7-m/nofp/crtend.o
LOAD d:/stmcute/stm32cubeide_1.7.0/stm32cubeide/plugins/com.st.stm32cube.ide.mcu.externaltools.gnu-tools-for-stm32.9-2020-q2-update.win32_2.0.0.202105311346/tools/bin/../lib/gcc/arm-none-eabi/9.3.1/thumb/v7-m/nofp/crtn.o
                0x0000000020002800                _estack = (ORIGIN (RAM) + LENGTH (RAM))
                0x0000000000000200                _Min_Heap_Size = 0x200
                0x0000000000000400                _Min_Stack_Size = 0x400

.isr_vector     0x0000000008000000      0x10c
                0x0000000008000000                . = ALIGN (0x4)
 *(.isr_vector)
 .isr_vector    0x0000000008000000      0x10c ./Core/Startup/startup_stm32f103c6tx.o
                0x0000000008000000                g_pfnVectors
                0x000000000800010c                . = ALIGN (0x4)

.text           0x000000000800010c     0x2a38
                0x000000000800010c                . = ALIGN (0x4)
 *(.text)
 .text          0x000000000800010c       0x40 d:/stmcute/stm32cubeide_1.7.0/stm32cubeide/plugins/com.st.stm32cube.ide.mcu.externaltools.gnu-tools-for-stm32.9-2020-q2-update.win32_2.0.0.202105311346/tools/bin/../lib/gcc/arm-none-eabi/9.3.1/thumb/v7-m/nofp/crtbegin.o
 *(.text*)
 .text.set_Time_RED
                0x000000000800014c       0x1c ./Core/Src/Display_LED.o
                0x000000000800014c                set_Time_RED
 .text.set_Time_YELLOW
                0x0000000008000168       0x1c ./Core/Src/Display_LED.o
                0x0000000008000168                set_Time_YELLOW
 .text.set_Time_GREEN
                0x0000000008000184       0x1c ./Core/Src/Display_LED.o
                0x0000000008000184                set_Time_GREEN
 .text.setTime_ALL_LED_TRAFFIC
                0x00000000080001a0       0x60 ./Core/Src/Display_LED.o
                0x00000000080001a0                setTime_ALL_LED_TRAFFIC
 .text.get_Time_RED
                0x0000000008000200       0x14 ./Core/Src/Display_LED.o
                0x0000000008000200                get_Time_RED
 .text.get_Time_YELLOW
                0x0000000008000214       0x14 ./Core/Src/Display_LED.o
                0x0000000008000214                get_Time_YELLOW
 .text.get_Time_GREEN
                0x0000000008000228       0x14 ./Core/Src/Display_LED.o
                0x0000000008000228                get_Time_GREEN
 .text.ToggleSignal_TOP_BOTTOM_LED
                0x000000000800023c       0x90 ./Core/Src/Display_LED.o
                0x000000000800023c                ToggleSignal_TOP_BOTTOM_LED
 .text.ToggleSignal_LEFT_RIGHT_LED
                0x00000000080002cc       0x90 ./Core/Src/Display_LED.o
                0x00000000080002cc                ToggleSignal_LEFT_RIGHT_LED
 .text.display7SEG
                0x000000000800035c      0x470 ./Core/Src/Display_LED.o
                0x000000000800035c                display7SEG
 .text.clearALLLED_Traffic
                0x00000000080007cc       0x74 ./Core/Src/Display_LED.o
                0x00000000080007cc                clearALLLED_Traffic
 .text.clearALLLED7SEG_Control
                0x0000000008000840       0x3c ./Core/Src/Display_LED.o
                0x0000000008000840                clearALLLED7SEG_Control
 .text.display_TRAFFICLIGHT_LEFT_RIGHT
                0x000000000800087c       0x7c ./Core/Src/Display_LED.o
                0x000000000800087c                display_TRAFFICLIGHT_LEFT_RIGHT
 .text.display_LED7SEG_CONTROLLER
                0x00000000080008f8      0x118 ./Core/Src/Display_LED.o
                0x00000000080008f8                display_LED7SEG_CONTROLLER
 .text.Blinking_LED
                0x0000000008000a10       0xec ./Core/Src/Display_LED.o
                0x0000000008000a10                Blinking_LED
 .text.display_TRAFFICLIGHT_TOP_BOTTOM
                0x0000000008000afc       0xf0 ./Core/Src/Display_LED.o
                0x0000000008000afc                display_TRAFFICLIGHT_TOP_BOTTOM
 .text.display_4LINE_TRAFFICLIGHT
                0x0000000008000bec      0x160 ./Core/Src/Display_LED.o
                0x0000000008000bec                display_4LINE_TRAFFICLIGHT
 .text.fsm_processing
                0x0000000008000d4c      0x184 ./Core/Src/Finite_State_Machine.h.o
                0x0000000008000d4c                fsm_processing
 .text.inscreases_time
                0x0000000008000ed0       0x90 ./Core/Src/Finite_State_Machine.h.o
                0x0000000008000ed0                inscreases_time
 .text.inscreases_time_after_1s
                0x0000000008000f60       0x28 ./Core/Src/Finite_State_Machine.h.o
                0x0000000008000f60                inscreases_time_after_1s
 .text.blinking_led_2Hz
                0x0000000008000f88       0x58 ./Core/Src/Finite_State_Machine.h.o
                0x0000000008000f88                blinking_led_2Hz
 .text.button_reading
                0x0000000008000fe0       0xd8 ./Core/Src/button.o
                0x0000000008000fe0                button_reading
 .text.is_button_pressed_1s
                0x00000000080010b8       0x14 ./Core/Src/button.o
                0x00000000080010b8                is_button_pressed_1s
 .text.is_button1_Press
                0x00000000080010cc       0x3c ./Core/Src/button.o
                0x00000000080010cc                is_button1_Press
 .text.is_button2_Press
                0x0000000008001108       0x40 ./Core/Src/button.o
                0x0000000008001108                is_button2_Press
 .text.is_button3_Press
                0x0000000008001148       0x40 ./Core/Src/button.o
                0x0000000008001148                is_button3_Press
 .text.main     0x0000000008001188       0x20 ./Core/Src/main.o
                0x0000000008001188                main
 .text.SystemClock_Config
                0x00000000080011a8       0x76 ./Core/Src/main.o
                0x00000000080011a8                SystemClock_Config
 *fill*         0x000000000800121e        0x2 
 .text.MX_TIM2_Init
                0x0000000008001220       0x98 ./Core/Src/main.o
 .text.MX_GPIO_Init
                0x00000000080012b8       0xc4 ./Core/Src/main.o
 .text.HAL_TIM_PeriodElapsedCallback
                0x000000000800137c       0x18 ./Core/Src/main.o
                0x000000000800137c                HAL_TIM_PeriodElapsedCallback
 .text.Error_Handler
                0x0000000008001394        0xa ./Core/Src/main.o
                0x0000000008001394                Error_Handler
 *fill*         0x000000000800139e        0x2 
 .text.HAL_MspInit
                0x00000000080013a0       0x64 ./Core/Src/stm32f1xx_hal_msp.o
                0x00000000080013a0                HAL_MspInit
 .text.HAL_TIM_Base_MspInit
                0x0000000008001404       0x48 ./Core/Src/stm32f1xx_hal_msp.o
                0x0000000008001404                HAL_TIM_Base_MspInit
 .text.NMI_Handler
                0x000000000800144c        0x6 ./Core/Src/stm32f1xx_it.o
                0x000000000800144c                NMI_Handler
 .text.HardFault_Handler
                0x0000000008001452        0x6 ./Core/Src/stm32f1xx_it.o
                0x0000000008001452                HardFault_Handler
 .text.MemManage_Handler
                0x0000000008001458        0x6 ./Core/Src/stm32f1xx_it.o
                0x0000000008001458                MemManage_Handler
 .text.BusFault_Handler
                0x000000000800145e        0x6 ./Core/Src/stm32f1xx_it.o
                0x000000000800145e                BusFault_Handler
 .text.UsageFault_Handler
                0x0000000008001464        0x6 ./Core/Src/stm32f1xx_it.o
                0x0000000008001464                UsageFault_Handler
 .text.SVC_Handler
                0x000000000800146a        0xc ./Core/Src/stm32f1xx_it.o
                0x000000000800146a                SVC_Handler
 .text.DebugMon_Handler
                0x0000000008001476        0xc ./Core/Src/stm32f1xx_it.o
                0x0000000008001476                DebugMon_Handler
 .text.PendSV_Handler
                0x0000000008001482        0xc ./Core/Src/stm32f1xx_it.o
                0x0000000008001482                PendSV_Handler
 .text.SysTick_Handler
                0x000000000800148e        0xc ./Core/Src/stm32f1xx_it.o
                0x000000000800148e                SysTick_Handler
 *fill*         0x000000000800149a        0x2 
 .text.TIM2_IRQHandler
                0x000000000800149c       0x14 ./Core/Src/stm32f1xx_it.o
                0x000000000800149c                TIM2_IRQHandler
 .text.SystemInit
                0x00000000080014b0        0xc ./Core/Src/system_stm32f1xx.o
                0x00000000080014b0                SystemInit
 .text.Reset_Handler
                0x00000000080014bc       0x48 ./Core/Startup/startup_stm32f103c6tx.o
                0x00000000080014bc                Reset_Handler
 .text.Default_Handler
                0x0000000008001504        0x2 ./Core/Startup/startup_stm32f103c6tx.o
                0x0000000008001504                RTC_Alarm_IRQHandler
                0x0000000008001504                EXTI2_IRQHandler
                0x0000000008001504                TIM1_CC_IRQHandler
                0x0000000008001504                PVD_IRQHandler
                0x0000000008001504                EXTI3_IRQHandler
                0x0000000008001504                EXTI0_IRQHandler
                0x0000000008001504                ADC1_2_IRQHandler
                0x0000000008001504                SPI1_IRQHandler
                0x0000000008001504                TAMPER_IRQHandler
                0x0000000008001504                DMA1_Channel4_IRQHandler
                0x0000000008001504                RTC_IRQHandler
                0x0000000008001504                DMA1_Channel7_IRQHandler
                0x0000000008001504                CAN1_RX1_IRQHandler
                0x0000000008001504                I2C1_EV_IRQHandler
                0x0000000008001504                DMA1_Channel6_IRQHandler
                0x0000000008001504                TIM3_IRQHandler
                0x0000000008001504                RCC_IRQHandler
                0x0000000008001504                TIM1_TRG_COM_IRQHandler
                0x0000000008001504                DMA1_Channel1_IRQHandler
                0x0000000008001504                Default_Handler
                0x0000000008001504                EXTI15_10_IRQHandler
                0x0000000008001504                EXTI9_5_IRQHandler
                0x0000000008001504                DMA1_Channel5_IRQHandler
                0x0000000008001504                EXTI4_IRQHandler
                0x0000000008001504                USB_LP_CAN1_RX0_IRQHandler
                0x0000000008001504                USB_HP_CAN1_TX_IRQHandler
                0x0000000008001504                DMA1_Channel3_IRQHandler
                0x0000000008001504                TIM1_UP_IRQHandler
                0x0000000008001504                WWDG_IRQHandler
                0x0000000008001504                TIM1_BRK_IRQHandler
                0x0000000008001504                EXTI1_IRQHandler
                0x0000000008001504                USART2_IRQHandler
                0x0000000008001504                DMA1_Channel2_IRQHandler
                0x0000000008001504                CAN1_SCE_IRQHandler
                0x0000000008001504                FLASH_IRQHandler
                0x0000000008001504                USART1_IRQHandler
                0x0000000008001504                I2C1_ER_IRQHandler
                0x0000000008001504                USBWakeUp_IRQHandler
 *fill*         0x0000000008001506        0x2 
 .text.HAL_Init
                0x0000000008001508       0x2c ./Drivers/STM32F1xx_HAL_Driver/Src/stm32f1xx_hal.o
                0x0000000008001508                HAL_Init
 .text.HAL_InitTick
                0x0000000008001534       0x60 ./Drivers/STM32F1xx_HAL_Driver/Src/stm32f1xx_hal.o
                0x0000000008001534                HAL_InitTick
 .text.HAL_IncTick
                0x0000000008001594       0x24 ./Drivers/STM32F1xx_HAL_Driver/Src/stm32f1xx_hal.o
                0x0000000008001594                HAL_IncTick
 .text.HAL_GetTick
                0x00000000080015b8       0x14 ./Drivers/STM32F1xx_HAL_Driver/Src/stm32f1xx_hal.o
                0x00000000080015b8                HAL_GetTick
 .text.__NVIC_SetPriorityGrouping
                0x00000000080015cc       0x48 ./Drivers/STM32F1xx_HAL_Driver/Src/stm32f1xx_hal_cortex.o
 .text.__NVIC_GetPriorityGrouping
                0x0000000008001614       0x1c ./Drivers/STM32F1xx_HAL_Driver/Src/stm32f1xx_hal_cortex.o
 .text.__NVIC_EnableIRQ
                0x0000000008001630       0x38 ./Drivers/STM32F1xx_HAL_Driver/Src/stm32f1xx_hal_cortex.o
 .text.__NVIC_SetPriority
                0x0000000008001668       0x54 ./Drivers/STM32F1xx_HAL_Driver/Src/stm32f1xx_hal_cortex.o
 .text.NVIC_EncodePriority
                0x00000000080016bc       0x64 ./Drivers/STM32F1xx_HAL_Driver/Src/stm32f1xx_hal_cortex.o
 .text.SysTick_Config
                0x0000000008001720       0x44 ./Drivers/STM32F1xx_HAL_Driver/Src/stm32f1xx_hal_cortex.o
 .text.HAL_NVIC_SetPriorityGrouping
                0x0000000008001764       0x16 ./Drivers/STM32F1xx_HAL_Driver/Src/stm32f1xx_hal_cortex.o
                0x0000000008001764                HAL_NVIC_SetPriorityGrouping
 .text.HAL_NVIC_SetPriority
                0x000000000800177a       0x38 ./Drivers/STM32F1xx_HAL_Driver/Src/stm32f1xx_hal_cortex.o
                0x000000000800177a                HAL_NVIC_SetPriority
 .text.HAL_NVIC_EnableIRQ
                0x00000000080017b2       0x1c ./Drivers/STM32F1xx_HAL_Driver/Src/stm32f1xx_hal_cortex.o
                0x00000000080017b2                HAL_NVIC_EnableIRQ
 .text.HAL_SYSTICK_Config
                0x00000000080017ce       0x18 ./Drivers/STM32F1xx_HAL_Driver/Src/stm32f1xx_hal_cortex.o
                0x00000000080017ce                HAL_SYSTICK_Config
 *fill*         0x00000000080017e6        0x2 
 .text.HAL_GPIO_Init
                0x00000000080017e8      0x2f4 ./Drivers/STM32F1xx_HAL_Driver/Src/stm32f1xx_hal_gpio.o
                0x00000000080017e8                HAL_GPIO_Init
 .text.HAL_GPIO_ReadPin
                0x0000000008001adc       0x2e ./Drivers/STM32F1xx_HAL_Driver/Src/stm32f1xx_hal_gpio.o
                0x0000000008001adc                HAL_GPIO_ReadPin
 .text.HAL_GPIO_WritePin
                0x0000000008001b0a       0x30 ./Drivers/STM32F1xx_HAL_Driver/Src/stm32f1xx_hal_gpio.o
                0x0000000008001b0a                HAL_GPIO_WritePin
 *fill*         0x0000000008001b3a        0x2 
 .text.HAL_RCC_OscConfig
                0x0000000008001b3c      0x500 ./Drivers/STM32F1xx_HAL_Driver/Src/stm32f1xx_hal_rcc.o
                0x0000000008001b3c                HAL_RCC_OscConfig
 .text.HAL_RCC_ClockConfig
                0x000000000800203c      0x1d4 ./Drivers/STM32F1xx_HAL_Driver/Src/stm32f1xx_hal_rcc.o
                0x000000000800203c                HAL_RCC_ClockConfig
 .text.HAL_RCC_GetSysClockFreq
                0x0000000008002210       0xc0 ./Drivers/STM32F1xx_HAL_Driver/Src/stm32f1xx_hal_rcc.o
                0x0000000008002210                HAL_RCC_GetSysClockFreq
 .text.RCC_Delay
                0x00000000080022d0       0x3c ./Drivers/STM32F1xx_HAL_Driver/Src/stm32f1xx_hal_rcc.o
 .text.HAL_TIM_Base_Init
                0x000000000800230c       0x9e ./Drivers/STM32F1xx_HAL_Driver/Src/stm32f1xx_hal_tim.o
                0x000000000800230c                HAL_TIM_Base_Init
 *fill*         0x00000000080023aa        0x2 
 .text.HAL_TIM_Base_Start_IT
                0x00000000080023ac       0x98 ./Drivers/STM32F1xx_HAL_Driver/Src/stm32f1xx_hal_tim.o
                0x00000000080023ac                HAL_TIM_Base_Start_IT
 .text.HAL_TIM_IRQHandler
                0x0000000008002444      0x210 ./Drivers/STM32F1xx_HAL_Driver/Src/stm32f1xx_hal_tim.o
                0x0000000008002444                HAL_TIM_IRQHandler
 .text.HAL_TIM_ConfigClockSource
                0x0000000008002654      0x188 ./Drivers/STM32F1xx_HAL_Driver/Src/stm32f1xx_hal_tim.o
                0x0000000008002654                HAL_TIM_ConfigClockSource
 .text.HAL_TIM_OC_DelayElapsedCallback
                0x00000000080027dc       0x12 ./Drivers/STM32F1xx_HAL_Driver/Src/stm32f1xx_hal_tim.o
                0x00000000080027dc                HAL_TIM_OC_DelayElapsedCallback
 .text.HAL_TIM_IC_CaptureCallback
                0x00000000080027ee       0x12 ./Drivers/STM32F1xx_HAL_Driver/Src/stm32f1xx_hal_tim.o
                0x00000000080027ee                HAL_TIM_IC_CaptureCallback
 .text.HAL_TIM_PWM_PulseFinishedCallback
                0x0000000008002800       0x12 ./Drivers/STM32F1xx_HAL_Driver/Src/stm32f1xx_hal_tim.o
                0x0000000008002800                HAL_TIM_PWM_PulseFinishedCallback
 .text.HAL_TIM_TriggerCallback
                0x0000000008002812       0x12 ./Drivers/STM32F1xx_HAL_Driver/Src/stm32f1xx_hal_tim.o
                0x0000000008002812                HAL_TIM_TriggerCallback
 .text.TIM_Base_SetConfig
                0x0000000008002824       0xb0 ./Drivers/STM32F1xx_HAL_Driver/Src/stm32f1xx_hal_tim.o
                0x0000000008002824                TIM_Base_SetConfig
 .text.TIM_TI1_ConfigInputStage
                0x00000000080028d4       0x5c ./Drivers/STM32F1xx_HAL_Driver/Src/stm32f1xx_hal_tim.o
 .text.TIM_TI2_ConfigInputStage
                0x0000000008002930       0x5e ./Drivers/STM32F1xx_HAL_Driver/Src/stm32f1xx_hal_tim.o
 .text.TIM_ITRx_SetConfig
                0x000000000800298e       0x34 ./Drivers/STM32F1xx_HAL_Driver/Src/stm32f1xx_hal_tim.o
 .text.TIM_ETR_SetConfig
                0x00000000080029c2       0x3e ./Drivers/STM32F1xx_HAL_Driver/Src/stm32f1xx_hal_tim.o
                0x00000000080029c2                TIM_ETR_SetConfig
 .text.HAL_TIMEx_MasterConfigSynchronization
                0x0000000008002a00       0xb0 ./Drivers/STM32F1xx_HAL_Driver/Src/stm32f1xx_hal_tim_ex.o
                0x0000000008002a00                HAL_TIMEx_MasterConfigSynchronization
 .text.HAL_TIMEx_CommutCallback
                0x0000000008002ab0       0x12 ./Drivers/STM32F1xx_HAL_Driver/Src/stm32f1xx_hal_tim_ex.o
                0x0000000008002ab0                HAL_TIMEx_CommutCallback
 .text.HAL_TIMEx_BreakCallback
                0x0000000008002ac2       0x12 ./Drivers/STM32F1xx_HAL_Driver/Src/stm32f1xx_hal_tim_ex.o
                0x0000000008002ac2                HAL_TIMEx_BreakCallback
 .text.__libc_init_array
                0x0000000008002ad4       0x48 d:/stmcute/stm32cubeide_1.7.0/stm32cubeide/plugins/com.st.stm32cube.ide.mcu.externaltools.gnu-tools-for-stm32.9-2020-q2-update.win32_2.0.0.202105311346/tools/bin/../lib/gcc/arm-none-eabi/9.3.1/../../../../arm-none-eabi/lib/thumb/v7-m/nofp\libc_nano.a(lib_a-init.o)
                0x0000000008002ad4                __libc_init_array
 .text.memset   0x0000000008002b1c       0x10 d:/stmcute/stm32cubeide_1.7.0/stm32cubeide/plugins/com.st.stm32cube.ide.mcu.externaltools.gnu-tools-for-stm32.9-2020-q2-update.win32_2.0.0.202105311346/tools/bin/../lib/gcc/arm-none-eabi/9.3.1/../../../../arm-none-eabi/lib/thumb/v7-m/nofp\libc_nano.a(lib_a-memset.o)
                0x0000000008002b1c                memset
 *(.glue_7)
 .glue_7        0x0000000008002b2c        0x0 linker stubs
 *(.glue_7t)
 .glue_7t       0x0000000008002b2c        0x0 linker stubs
 *(.eh_frame)
 .eh_frame      0x0000000008002b2c        0x0 d:/stmcute/stm32cubeide_1.7.0/stm32cubeide/plugins/com.st.stm32cube.ide.mcu.externaltools.gnu-tools-for-stm32.9-2020-q2-update.win32_2.0.0.202105311346/tools/bin/../lib/gcc/arm-none-eabi/9.3.1/thumb/v7-m/nofp/crtbegin.o
 *(.init)
 .init          0x0000000008002b2c        0x4 d:/stmcute/stm32cubeide_1.7.0/stm32cubeide/plugins/com.st.stm32cube.ide.mcu.externaltools.gnu-tools-for-stm32.9-2020-q2-update.win32_2.0.0.202105311346/tools/bin/../lib/gcc/arm-none-eabi/9.3.1/thumb/v7-m/nofp/crti.o
                0x0000000008002b2c                _init
 .init          0x0000000008002b30        0x8 d:/stmcute/stm32cubeide_1.7.0/stm32cubeide/plugins/com.st.stm32cube.ide.mcu.externaltools.gnu-tools-for-stm32.9-2020-q2-update.win32_2.0.0.202105311346/tools/bin/../lib/gcc/arm-none-eabi/9.3.1/thumb/v7-m/nofp/crtn.o
 *(.fini)
 .fini          0x0000000008002b38        0x4 d:/stmcute/stm32cubeide_1.7.0/stm32cubeide/plugins/com.st.stm32cube.ide.mcu.externaltools.gnu-tools-for-stm32.9-2020-q2-update.win32_2.0.0.202105311346/tools/bin/../lib/gcc/arm-none-eabi/9.3.1/thumb/v7-m/nofp/crti.o
                0x0000000008002b38                _fini
 .fini          0x0000000008002b3c        0x8 d:/stmcute/stm32cubeide_1.7.0/stm32cubeide/plugins/com.st.stm32cube.ide.mcu.externaltools.gnu-tools-for-stm32.9-2020-q2-update.win32_2.0.0.202105311346/tools/bin/../lib/gcc/arm-none-eabi/9.3.1/thumb/v7-m/nofp/crtn.o
                0x0000000008002b44                . = ALIGN (0x4)
                0x0000000008002b44                _etext = .

.vfp11_veneer   0x0000000008002b44        0x0
 .vfp11_veneer  0x0000000008002b44        0x0 linker stubs

.v4_bx          0x0000000008002b44        0x0
 .v4_bx         0x0000000008002b44        0x0 linker stubs

.iplt           0x0000000008002b44        0x0
 .iplt          0x0000000008002b44        0x0 d:/stmcute/stm32cubeide_1.7.0/stm32cubeide/plugins/com.st.stm32cube.ide.mcu.externaltools.gnu-tools-for-stm32.9-2020-q2-update.win32_2.0.0.202105311346/tools/bin/../lib/gcc/arm-none-eabi/9.3.1/thumb/v7-m/nofp/crtbegin.o

.rodata         0x0000000008002b44       0x20
                0x0000000008002b44                . = ALIGN (0x4)
 *(.rodata)
 .rodata        0x0000000008002b44       0x10 ./Drivers/STM32F1xx_HAL_Driver/Src/stm32f1xx_hal_rcc.o
 *(.rodata*)
 .rodata.AHBPrescTable
                0x0000000008002b54       0x10 ./Core/Src/system_stm32f1xx.o
                0x0000000008002b54                AHBPrescTable
                0x0000000008002b64                . = ALIGN (0x4)

.rel.dyn        0x0000000008002b64        0x0
 .rel.iplt      0x0000000008002b64        0x0 d:/stmcute/stm32cubeide_1.7.0/stm32cubeide/plugins/com.st.stm32cube.ide.mcu.externaltools.gnu-tools-for-stm32.9-2020-q2-update.win32_2.0.0.202105311346/tools/bin/../lib/gcc/arm-none-eabi/9.3.1/thumb/v7-m/nofp/crtbegin.o

.ARM.extab      0x0000000008002b64        0x0
                0x0000000008002b64                . = ALIGN (0x4)
 *(.ARM.extab* .gnu.linkonce.armextab.*)
                0x0000000008002b64                . = ALIGN (0x4)

.ARM            0x0000000008002b64        0x0
                0x0000000008002b64                . = ALIGN (0x4)
                0x0000000008002b64                __exidx_start = .
 *(.ARM.exidx*)
                0x0000000008002b64                __exidx_end = .
                0x0000000008002b64                . = ALIGN (0x4)

.preinit_array  0x0000000008002b64        0x0
                0x0000000008002b64                . = ALIGN (0x4)
                0x0000000008002b64                PROVIDE (__preinit_array_start = .)
 *(.preinit_array*)
                0x0000000008002b64                PROVIDE (__preinit_array_end = .)
                0x0000000008002b64                . = ALIGN (0x4)

.init_array     0x0000000008002b64        0x4
                0x0000000008002b64                . = ALIGN (0x4)
                0x0000000008002b64                PROVIDE (__init_array_start = .)
 *(SORT_BY_NAME(.init_array.*))
 *(.init_array*)
 .init_array    0x0000000008002b64        0x4 d:/stmcute/stm32cubeide_1.7.0/stm32cubeide/plugins/com.st.stm32cube.ide.mcu.externaltools.gnu-tools-for-stm32.9-2020-q2-update.win32_2.0.0.202105311346/tools/bin/../lib/gcc/arm-none-eabi/9.3.1/thumb/v7-m/nofp/crtbegin.o
                0x0000000008002b68                PROVIDE (__init_array_end = .)
                0x0000000008002b68                . = ALIGN (0x4)

.fini_array     0x0000000008002b68        0x4
                0x0000000008002b68                . = ALIGN (0x4)
                [!provide]                        PROVIDE (__fini_array_start = .)
 *(SORT_BY_NAME(.fini_array.*))
 *(.fini_array*)
 .fini_array    0x0000000008002b68        0x4 d:/stmcute/stm32cubeide_1.7.0/stm32cubeide/plugins/com.st.stm32cube.ide.mcu.externaltools.gnu-tools-for-stm32.9-2020-q2-update.win32_2.0.0.202105311346/tools/bin/../lib/gcc/arm-none-eabi/9.3.1/thumb/v7-m/nofp/crtbegin.o
                [!provide]                        PROVIDE (__fini_array_end = .)
                0x0000000008002b6c                . = ALIGN (0x4)
                0x0000000008002b6c                _sidata = LOADADDR (.data)

.data           0x0000000020000000       0x4c load address 0x0000000008002b6c
                0x0000000020000000                . = ALIGN (0x4)
                0x0000000020000000                _sdata = .
 *(.data)
 *(.data*)
 .data.time_RED
                0x0000000020000000        0x4 ./Core/Src/Display_LED.o
                0x0000000020000000                time_RED
 .data.time_GREEN
                0x0000000020000004        0x4 ./Core/Src/Display_LED.o
                0x0000000020000004                time_GREEN
 .data.time_YELLOW
                0x0000000020000008        0x4 ./Core/Src/Display_LED.o
                0x0000000020000008                time_YELLOW
 .data.time_RED_TOP_BOTTOM
                0x000000002000000c        0x4 ./Core/Src/Display_LED.o
                0x000000002000000c                time_RED_TOP_BOTTOM
 .data.time_YELLOW_TOP_BOTTOM
                0x0000000020000010        0x4 ./Core/Src/Display_LED.o
                0x0000000020000010                time_YELLOW_TOP_BOTTOM
 .data.time_GREEN_TOP_BOTTOM
                0x0000000020000014        0x4 ./Core/Src/Display_LED.o
                0x0000000020000014                time_GREEN_TOP_BOTTOM
 .data.time_RED_LEFT_RIGHT
                0x0000000020000018        0x4 ./Core/Src/Display_LED.o
                0x0000000020000018                time_RED_LEFT_RIGHT
 .data.time_GREEN_LEFT_RIGHT
                0x000000002000001c        0x4 ./Core/Src/Display_LED.o
                0x000000002000001c                time_GREEN_LEFT_RIGHT
 .data.time_YELLOW_LEFT_RIGHT
                0x0000000020000020        0x4 ./Core/Src/Display_LED.o
                0x0000000020000020                time_YELLOW_LEFT_RIGHT
 .data.time7SEG_TRAFFIC_LEFT_RIGHT
                0x0000000020000024        0x4 ./Core/Src/Display_LED.o
                0x0000000020000024                time7SEG_TRAFFIC_LEFT_RIGHT
 .data.time7SEG_TRAFFIC_TOP_BOTTOM
                0x0000000020000028        0x4 ./Core/Src/Display_LED.o
                0x0000000020000028                time7SEG_TRAFFIC_TOP_BOTTOM
 .data.time_period_run
                0x000000002000002c        0x4 ./Core/Src/Display_LED.o
                0x000000002000002c                time_period_run
 .data.timeRUN_LED7SEG_TRAFFICLIGHT
                0x0000000020000030        0x4 ./Core/Src/Display_LED.o
                0x0000000020000030                timeRUN_LED7SEG_TRAFFICLIGHT
 .data.timeRUN_LED7SEG_CONTROLLER
                0x0000000020000034        0x4 ./Core/Src/Display_LED.o
                0x0000000020000034                timeRUN_LED7SEG_CONTROLLER
 .data.timeAutoIncreases
                0x0000000020000038        0x4 ./Core/Src/Finite_State_Machine.h.o
                0x0000000020000038                timeAutoIncreases
 .data.timeBlinking
                0x000000002000003c        0x4 ./Core/Src/Finite_State_Machine.h.o
                0x000000002000003c                timeBlinking
 .data.SystemCoreClock
                0x0000000020000040        0x4 ./Core/Src/system_stm32f1xx.o
                0x0000000020000040                SystemCoreClock
 .data.uwTickPrio
                0x0000000020000044        0x4 ./Drivers/STM32F1xx_HAL_Driver/Src/stm32f1xx_hal.o
                0x0000000020000044                uwTickPrio
 .data.uwTickFreq
                0x0000000020000048        0x1 ./Drivers/STM32F1xx_HAL_Driver/Src/stm32f1xx_hal.o
                0x0000000020000048                uwTickFreq
 *(.RamFunc)
 *(.RamFunc*)
                0x000000002000004c                . = ALIGN (0x4)
 *fill*         0x0000000020000049        0x3 
                0x000000002000004c                _edata = .

.igot.plt       0x000000002000004c        0x0 load address 0x0000000008002bb8
 .igot.plt      0x000000002000004c        0x0 d:/stmcute/stm32cubeide_1.7.0/stm32cubeide/plugins/com.st.stm32cube.ide.mcu.externaltools.gnu-tools-for-stm32.9-2020-q2-update.win32_2.0.0.202105311346/tools/bin/../lib/gcc/arm-none-eabi/9.3.1/thumb/v7-m/nofp/crtbegin.o
                0x000000002000004c                . = ALIGN (0x4)

.bss            0x000000002000004c       0x98 load address 0x0000000008002bb8
                0x000000002000004c                _sbss = .
                0x000000002000004c                __bss_start__ = _sbss
 *(.bss)
 .bss           0x000000002000004c       0x1c d:/stmcute/stm32cubeide_1.7.0/stm32cubeide/plugins/com.st.stm32cube.ide.mcu.externaltools.gnu-tools-for-stm32.9-2020-q2-update.win32_2.0.0.202105311346/tools/bin/../lib/gcc/arm-none-eabi/9.3.1/thumb/v7-m/nofp/crtbegin.o
 *(.bss*)
 .bss.button_mode
                0x0000000020000068        0x1 ./Core/Src/Finite_State_Machine.h.o
                0x0000000020000068                button_mode
 *fill*         0x0000000020000069        0x3 
 .bss.time_RED_edit
                0x000000002000006c        0x4 ./Core/Src/Finite_State_Machine.h.o
                0x000000002000006c                time_RED_edit
 .bss.time_GREEN_edit
                0x0000000020000070        0x4 ./Core/Src/Finite_State_Machine.h.o
                0x0000000020000070                time_GREEN_edit
 .bss.time_YELLOW_edit
                0x0000000020000074        0x4 ./Core/Src/Finite_State_Machine.h.o
                0x0000000020000074                time_YELLOW_edit
 .bss.buttonBuffer
                0x0000000020000078        0x1 ./Core/Src/button.o
 *fill*         0x0000000020000079        0x3 
 .bss.debounceButtonBuffer1
                0x000000002000007c        0x1 ./Core/Src/button.o
 *fill*         0x000000002000007d        0x3 
 .bss.debounceButtonBuffer2
                0x0000000020000080        0x1 ./Core/Src/button.o
 *fill*         0x0000000020000081        0x3 
 .bss.flagForButtonPress1s
                0x0000000020000084        0x1 ./Core/Src/button.o
 *fill*         0x0000000020000085        0x3 
 .bss.counterForButtonPress1s
                0x0000000020000088        0x2 ./Core/Src/button.o
 *fill*         0x000000002000008a        0x2 
 .bss.button1_State
                0x000000002000008c        0x4 ./Core/Src/button.o
                0x000000002000008c                button1_State
 .bss.button3_State
                0x0000000020000090        0x4 ./Core/Src/button.o
                0x0000000020000090                button3_State
 .bss.button2_State
                0x0000000020000094        0x4 ./Core/Src/button.o
                0x0000000020000094                button2_State
 *(COMMON)
 COMMON         0x0000000020000098       0x48 ./Core/Src/main.o
                0x0000000020000098                htim2
 COMMON         0x00000000200000e0        0x4 ./Drivers/STM32F1xx_HAL_Driver/Src/stm32f1xx_hal.o
                0x00000000200000e0                uwTick
                0x00000000200000e4                . = ALIGN (0x4)
                0x00000000200000e4                _ebss = .
                0x00000000200000e4                __bss_end__ = _ebss

._user_heap_stack
                0x00000000200000e4      0x604 load address 0x0000000008002bb8
                0x00000000200000e8                . = ALIGN (0x8)
 *fill*         0x00000000200000e4        0x4 
                [!provide]                        PROVIDE (end = .)
                0x00000000200000e8                PROVIDE (_end = .)
                0x00000000200002e8                . = (. + _Min_Heap_Size)
 *fill*         0x00000000200000e8      0x200 
                0x00000000200006e8                . = (. + _Min_Stack_Size)
 *fill*         0x00000000200002e8      0x400 
                0x00000000200006e8                . = ALIGN (0x8)

/DISCARD/
 libc.a(*)
 libm.a(*)
 libgcc.a(*)

.ARM.attributes
                0x0000000000000000       0x29
 *(.ARM.attributes)
 .ARM.attributes
                0x0000000000000000       0x1d d:/stmcute/stm32cubeide_1.7.0/stm32cubeide/plugins/com.st.stm32cube.ide.mcu.externaltools.gnu-tools-for-stm32.9-2020-q2-update.win32_2.0.0.202105311346/tools/bin/../lib/gcc/arm-none-eabi/9.3.1/thumb/v7-m/nofp/crti.o
 .ARM.attributes
                0x000000000000001d       0x2d d:/stmcute/stm32cubeide_1.7.0/stm32cubeide/plugins/com.st.stm32cube.ide.mcu.externaltools.gnu-tools-for-stm32.9-2020-q2-update.win32_2.0.0.202105311346/tools/bin/../lib/gcc/arm-none-eabi/9.3.1/thumb/v7-m/nofp/crtbegin.o
 .ARM.attributes
                0x000000000000004a       0x2d ./Core/Src/Display_LED.o
 .ARM.attributes
                0x0000000000000077       0x2d ./Core/Src/Finite_State_Machine.h.o
 .ARM.attributes
                0x00000000000000a4       0x2d ./Core/Src/button.o
 .ARM.attributes
                0x00000000000000d1       0x2d ./Core/Src/main.o
 .ARM.attributes
                0x00000000000000fe       0x2d ./Core/Src/stm32f1xx_hal_msp.o
 .ARM.attributes
                0x000000000000012b       0x2d ./Core/Src/stm32f1xx_it.o
 .ARM.attributes
                0x0000000000000158       0x2d ./Core/Src/system_stm32f1xx.o
 .ARM.attributes
                0x0000000000000185       0x21 ./Core/Startup/startup_stm32f103c6tx.o
 .ARM.attributes
                0x00000000000001a6       0x2d ./Drivers/STM32F1xx_HAL_Driver/Src/stm32f1xx_hal.o
 .ARM.attributes
                0x00000000000001d3       0x2d ./Drivers/STM32F1xx_HAL_Driver/Src/stm32f1xx_hal_cortex.o
 .ARM.attributes
                0x0000000000000200       0x2d ./Drivers/STM32F1xx_HAL_Driver/Src/stm32f1xx_hal_gpio.o
 .ARM.attributes
                0x000000000000022d       0x2d ./Drivers/STM32F1xx_HAL_Driver/Src/stm32f1xx_hal_rcc.o
 .ARM.attributes
                0x000000000000025a       0x2d ./Drivers/STM32F1xx_HAL_Driver/Src/stm32f1xx_hal_tim.o
 .ARM.attributes
                0x0000000000000287       0x2d ./Drivers/STM32F1xx_HAL_Driver/Src/stm32f1xx_hal_tim_ex.o
 .ARM.attributes
                0x00000000000002b4       0x2d d:/stmcute/stm32cubeide_1.7.0/stm32cubeide/plugins/com.st.stm32cube.ide.mcu.externaltools.gnu-tools-for-stm32.9-2020-q2-update.win32_2.0.0.202105311346/tools/bin/../lib/gcc/arm-none-eabi/9.3.1/../../../../arm-none-eabi/lib/thumb/v7-m/nofp\libc_nano.a(lib_a-init.o)
 .ARM.attributes
                0x00000000000002e1       0x2d d:/stmcute/stm32cubeide_1.7.0/stm32cubeide/plugins/com.st.stm32cube.ide.mcu.externaltools.gnu-tools-for-stm32.9-2020-q2-update.win32_2.0.0.202105311346/tools/bin/../lib/gcc/arm-none-eabi/9.3.1/../../../../arm-none-eabi/lib/thumb/v7-m/nofp\libc_nano.a(lib_a-memset.o)
 .ARM.attributes
                0x000000000000030e       0x1d d:/stmcute/stm32cubeide_1.7.0/stm32cubeide/plugins/com.st.stm32cube.ide.mcu.externaltools.gnu-tools-for-stm32.9-2020-q2-update.win32_2.0.0.202105311346/tools/bin/../lib/gcc/arm-none-eabi/9.3.1/thumb/v7-m/nofp/crtn.o
OUTPUT(Task_10.elf elf32-littlearm)
LOAD linker stubs
LOAD d:/stmcute/stm32cubeide_1.7.0/stm32cubeide/plugins/com.st.stm32cube.ide.mcu.externaltools.gnu-tools-for-stm32.9-2020-q2-update.win32_2.0.0.202105311346/tools/bin/../lib/gcc/arm-none-eabi/9.3.1/../../../../arm-none-eabi/lib/thumb/v7-m/nofp\libc.a
LOAD d:/stmcute/stm32cubeide_1.7.0/stm32cubeide/plugins/com.st.stm32cube.ide.mcu.externaltools.gnu-tools-for-stm32.9-2020-q2-update.win32_2.0.0.202105311346/tools/bin/../lib/gcc/arm-none-eabi/9.3.1/../../../../arm-none-eabi/lib/thumb/v7-m/nofp\libm.a
LOAD d:/stmcute/stm32cubeide_1.7.0/stm32cubeide/plugins/com.st.stm32cube.ide.mcu.externaltools.gnu-tools-for-stm32.9-2020-q2-update.win32_2.0.0.202105311346/tools/bin/../lib/gcc/arm-none-eabi/9.3.1/thumb/v7-m/nofp\libgcc.a

.debug_info     0x0000000000000000     0x8e71
 .debug_info    0x0000000000000000      0x562 ./Core/Src/Display_LED.o
 .debug_info    0x0000000000000562      0x2ef ./Core/Src/Finite_State_Machine.h.o
 .debug_info    0x0000000000000851      0x3b5 ./Core/Src/button.o
 .debug_info    0x0000000000000c06      0xc20 ./Core/Src/main.o
 .debug_info    0x0000000000001826      0xa04 ./Core/Src/stm32f1xx_hal_msp.o
 .debug_info    0x000000000000222a      0x7b4 ./Core/Src/stm32f1xx_it.o
 .debug_info    0x00000000000029de      0x2be ./Core/Src/system_stm32f1xx.o
 .debug_info    0x0000000000002c9c       0x22 ./Core/Startup/startup_stm32f103c6tx.o
 .debug_info    0x0000000000002cbe      0x74c ./Drivers/STM32F1xx_HAL_Driver/Src/stm32f1xx_hal.o
 .debug_info    0x000000000000340a      0xbbe ./Drivers/STM32F1xx_HAL_Driver/Src/stm32f1xx_hal_cortex.o
 .debug_info    0x0000000000003fc8      0x701 ./Drivers/STM32F1xx_HAL_Driver/Src/stm32f1xx_hal_gpio.o
 .debug_info    0x00000000000046c9      0x88e ./Drivers/STM32F1xx_HAL_Driver/Src/stm32f1xx_hal_rcc.o
 .debug_info    0x0000000000004f57     0x2a45 ./Drivers/STM32F1xx_HAL_Driver/Src/stm32f1xx_hal_tim.o
 .debug_info    0x000000000000799c     0x14d5 ./Drivers/STM32F1xx_HAL_Driver/Src/stm32f1xx_hal_tim_ex.o

.debug_abbrev   0x0000000000000000     0x1939
 .debug_abbrev  0x0000000000000000      0x201 ./Core/Src/Display_LED.o
 .debug_abbrev  0x0000000000000201       0xf6 ./Core/Src/Finite_State_Machine.h.o
 .debug_abbrev  0x00000000000002f7      0x16a ./Core/Src/button.o
 .debug_abbrev  0x0000000000000461      0x22c ./Core/Src/main.o
 .debug_abbrev  0x000000000000068d      0x1b7 ./Core/Src/stm32f1xx_hal_msp.o
 .debug_abbrev  0x0000000000000844      0x176 ./Core/Src/stm32f1xx_it.o
 .debug_abbrev  0x00000000000009ba      0x14e ./Core/Src/system_stm32f1xx.o
 .debug_abbrev  0x0000000000000b08       0x12 ./Core/Startup/startup_stm32f103c6tx.o
 .debug_abbrev  0x0000000000000b1a      0x1ed ./Drivers/STM32F1xx_HAL_Driver/Src/stm32f1xx_hal.o
 .debug_abbrev  0x0000000000000d07      0x313 ./Drivers/STM32F1xx_HAL_Driver/Src/stm32f1xx_hal_cortex.o
 .debug_abbrev  0x000000000000101a      0x1e8 ./Drivers/STM32F1xx_HAL_Driver/Src/stm32f1xx_hal_gpio.o
 .debug_abbrev  0x0000000000001202      0x273 ./Drivers/STM32F1xx_HAL_Driver/Src/stm32f1xx_hal_rcc.o
 .debug_abbrev  0x0000000000001475      0x25e ./Drivers/STM32F1xx_HAL_Driver/Src/stm32f1xx_hal_tim.o
 .debug_abbrev  0x00000000000016d3      0x266 ./Drivers/STM32F1xx_HAL_Driver/Src/stm32f1xx_hal_tim_ex.o

.debug_aranges  0x0000000000000000      0xa50
 .debug_aranges
                0x0000000000000000       0xa0 ./Core/Src/Display_LED.o
 .debug_aranges
                0x00000000000000a0       0x38 ./Core/Src/Finite_State_Machine.h.o
 .debug_aranges
                0x00000000000000d8       0x48 ./Core/Src/button.o
 .debug_aranges
                0x0000000000000120       0x48 ./Core/Src/main.o
 .debug_aranges
                0x0000000000000168       0x30 ./Core/Src/stm32f1xx_hal_msp.o
 .debug_aranges
                0x0000000000000198       0x68 ./Core/Src/stm32f1xx_it.o
 .debug_aranges
                0x0000000000000200       0x28 ./Core/Src/system_stm32f1xx.o
 .debug_aranges
                0x0000000000000228       0x28 ./Core/Startup/startup_stm32f103c6tx.o
 .debug_aranges
                0x0000000000000250       0xe0 ./Drivers/STM32F1xx_HAL_Driver/Src/stm32f1xx_hal.o
 .debug_aranges
                0x0000000000000330      0x100 ./Drivers/STM32F1xx_HAL_Driver/Src/stm32f1xx_hal_cortex.o
 .debug_aranges
                0x0000000000000430       0x58 ./Drivers/STM32F1xx_HAL_Driver/Src/stm32f1xx_hal_gpio.o
 .debug_aranges
                0x0000000000000488       0x90 ./Drivers/STM32F1xx_HAL_Driver/Src/stm32f1xx_hal_rcc.o
 .debug_aranges
                0x0000000000000518      0x3d0 ./Drivers/STM32F1xx_HAL_Driver/Src/stm32f1xx_hal_tim.o
 .debug_aranges
                0x00000000000008e8      0x168 ./Drivers/STM32F1xx_HAL_Driver/Src/stm32f1xx_hal_tim_ex.o

.debug_ranges   0x0000000000000000      0x978
 .debug_ranges  0x0000000000000000       0x90 ./Core/Src/Display_LED.o
 .debug_ranges  0x0000000000000090       0x28 ./Core/Src/Finite_State_Machine.h.o
 .debug_ranges  0x00000000000000b8       0x38 ./Core/Src/button.o
 .debug_ranges  0x00000000000000f0       0x38 ./Core/Src/main.o
 .debug_ranges  0x0000000000000128       0x20 ./Core/Src/stm32f1xx_hal_msp.o
 .debug_ranges  0x0000000000000148       0x58 ./Core/Src/stm32f1xx_it.o
 .debug_ranges  0x00000000000001a0       0x18 ./Core/Src/system_stm32f1xx.o
 .debug_ranges  0x00000000000001b8       0x20 ./Core/Startup/startup_stm32f103c6tx.o
 .debug_ranges  0x00000000000001d8       0xd0 ./Drivers/STM32F1xx_HAL_Driver/Src/stm32f1xx_hal.o
 .debug_ranges  0x00000000000002a8       0xf0 ./Drivers/STM32F1xx_HAL_Driver/Src/stm32f1xx_hal_cortex.o
 .debug_ranges  0x0000000000000398       0x48 ./Drivers/STM32F1xx_HAL_Driver/Src/stm32f1xx_hal_gpio.o
 .debug_ranges  0x00000000000003e0       0x80 ./Drivers/STM32F1xx_HAL_Driver/Src/stm32f1xx_hal_rcc.o
 .debug_ranges  0x0000000000000460      0x3c0 ./Drivers/STM32F1xx_HAL_Driver/Src/stm32f1xx_hal_tim.o
 .debug_ranges  0x0000000000000820      0x158 ./Drivers/STM32F1xx_HAL_Driver/Src/stm32f1xx_hal_tim_ex.o

.debug_macro    0x0000000000000000    0x168e1
 .debug_macro   0x0000000000000000      0x1ea ./Core/Src/Display_LED.o
 .debug_macro   0x00000000000001ea      0xa9c ./Core/Src/Display_LED.o
 .debug_macro   0x0000000000000c86      0x215 ./Core/Src/Display_LED.o
 .debug_macro   0x0000000000000e9b       0x2e ./Core/Src/Display_LED.o
 .debug_macro   0x0000000000000ec9       0x22 ./Core/Src/Display_LED.o
 .debug_macro   0x0000000000000eeb       0x22 ./Core/Src/Display_LED.o
 .debug_macro   0x0000000000000f0d       0x8e ./Core/Src/Display_LED.o
 .debug_macro   0x0000000000000f9b       0x51 ./Core/Src/Display_LED.o
 .debug_macro   0x0000000000000fec      0x103 ./Core/Src/Display_LED.o
 .debug_macro   0x00000000000010ef       0x6a ./Core/Src/Display_LED.o
 .debug_macro   0x0000000000001159      0x1df ./Core/Src/Display_LED.o
 .debug_macro   0x0000000000001338       0x1c ./Core/Src/Display_LED.o
 .debug_macro   0x0000000000001354       0x22 ./Core/Src/Display_LED.o
 .debug_macro   0x0000000000001376       0xc3 ./Core/Src/Display_LED.o
 .debug_macro   0x0000000000001439      0xd23 ./Core/Src/Display_LED.o
 .debug_macro   0x000000000000215c     0xde75 ./Core/Src/Display_LED.o
 .debug_macro   0x000000000000ffd1       0x6d ./Core/Src/Display_LED.o
 .debug_macro   0x000000000001003e     0x3468 ./Core/Src/Display_LED.o
 .debug_macro   0x00000000000134a6      0x174 ./Core/Src/Display_LED.o
 .debug_macro   0x000000000001361a       0x5c ./Core/Src/Display_LED.o
 .debug_macro   0x0000000000013676      0x5be ./Core/Src/Display_LED.o
 .debug_macro   0x0000000000013c34      0x1b7 ./Core/Src/Display_LED.o
 .debug_macro   0x0000000000013deb      0x1cb ./Core/Src/Display_LED.o
 .debug_macro   0x0000000000013fb6      0x114 ./Core/Src/Display_LED.o
 .debug_macro   0x00000000000140ca      0x1b2 ./Core/Src/Display_LED.o
 .debug_macro   0x000000000001427c       0x27 ./Core/Src/Display_LED.o
 .debug_macro   0x00000000000142a3      0x12f ./Core/Src/Display_LED.o
 .debug_macro   0x00000000000143d2      0x1bc ./Core/Src/Display_LED.o
 .debug_macro   0x000000000001458e       0x34 ./Core/Src/Display_LED.o
 .debug_macro   0x00000000000145c2       0x3c ./Core/Src/Display_LED.o
 .debug_macro   0x00000000000145fe       0x57 ./Core/Src/Display_LED.o
 .debug_macro   0x0000000000014655       0x88 ./Core/Src/Display_LED.o
 .debug_macro   0x00000000000146dd      0x183 ./Core/Src/Display_LED.o
 .debug_macro   0x0000000000014860      0x141 ./Core/Src/Display_LED.o
 .debug_macro   0x00000000000149a1      0x8d1 ./Core/Src/Display_LED.o
 .debug_macro   0x0000000000015272       0x69 ./Core/Src/Display_LED.o
 .debug_macro   0x00000000000152db      0x130 ./Core/Src/Display_LED.o
 .debug_macro   0x000000000001540b       0x10 ./Core/Src/Display_LED.o
 .debug_macro   0x000000000001541b      0x1e4 ./Core/Src/Finite_State_Machine.h.o
 .debug_macro   0x00000000000155ff      0x1d8 ./Core/Src/button.o
 .debug_macro   0x00000000000157d7      0x1e8 ./Core/Src/main.o
 .debug_macro   0x00000000000159bf      0x1a7 ./Core/Src/stm32f1xx_hal_msp.o
 .debug_macro   0x0000000000015b66      0x1b1 ./Core/Src/stm32f1xx_it.o
 .debug_macro   0x0000000000015d17      0x198 ./Core/Src/system_stm32f1xx.o
 .debug_macro   0x0000000000015eaf      0x1bc ./Drivers/STM32F1xx_HAL_Driver/Src/stm32f1xx_hal.o
 .debug_macro   0x000000000001606b      0x198 ./Drivers/STM32F1xx_HAL_Driver/Src/stm32f1xx_hal_cortex.o
 .debug_macro   0x0000000000016203      0x203 ./Drivers/STM32F1xx_HAL_Driver/Src/stm32f1xx_hal_gpio.o
 .debug_macro   0x0000000000016406      0x1aa ./Drivers/STM32F1xx_HAL_Driver/Src/stm32f1xx_hal_rcc.o
 .debug_macro   0x00000000000165b0      0x199 ./Drivers/STM32F1xx_HAL_Driver/Src/stm32f1xx_hal_tim.o
 .debug_macro   0x0000000000016749      0x198 ./Drivers/STM32F1xx_HAL_Driver/Src/stm32f1xx_hal_tim_ex.o

.debug_line     0x0000000000000000     0xad2e
 .debug_line    0x0000000000000000      0xa6d ./Core/Src/Display_LED.o
 .debug_line    0x0000000000000a6d      0x82d ./Core/Src/Finite_State_Machine.h.o
 .debug_line    0x000000000000129a      0x794 ./Core/Src/button.o
 .debug_line    0x0000000000001a2e      0x7d7 ./Core/Src/main.o
 .debug_line    0x0000000000002205      0x6b5 ./Core/Src/stm32f1xx_hal_msp.o
 .debug_line    0x00000000000028ba      0x753 ./Core/Src/stm32f1xx_it.o
 .debug_line    0x000000000000300d      0x6f7 ./Core/Src/system_stm32f1xx.o
 .debug_line    0x0000000000003704       0x87 ./Core/Startup/startup_stm32f103c6tx.o
 .debug_line    0x000000000000378b      0x924 ./Drivers/STM32F1xx_HAL_Driver/Src/stm32f1xx_hal.o
 .debug_line    0x00000000000040af      0xb0c ./Drivers/STM32F1xx_HAL_Driver/Src/stm32f1xx_hal_cortex.o
 .debug_line    0x0000000000004bbb      0x9a5 ./Drivers/STM32F1xx_HAL_Driver/Src/stm32f1xx_hal_gpio.o
 .debug_line    0x0000000000005560      0xd32 ./Drivers/STM32F1xx_HAL_Driver/Src/stm32f1xx_hal_rcc.o
 .debug_line    0x0000000000006292     0x3282 ./Drivers/STM32F1xx_HAL_Driver/Src/stm32f1xx_hal_tim.o
 .debug_line    0x0000000000009514     0x181a ./Drivers/STM32F1xx_HAL_Driver/Src/stm32f1xx_hal_tim_ex.o

.debug_str      0x0000000000000000    0x82523
 .debug_str     0x0000000000000000    0x7f969 ./Core/Src/Display_LED.o
                                      0x7fca5 (size before relaxing)
 .debug_str     0x000000000007f969      0x119 ./Core/Src/Finite_State_Machine.h.o
                                      0x7fb22 (size before relaxing)
 .debug_str     0x000000000007fa82      0x18e ./Core/Src/button.o
                                      0x7fb0b (size before relaxing)
 .debug_str     0x000000000007fc10      0x6df ./Core/Src/main.o
                                      0x801df (size before relaxing)
 .debug_str     0x00000000000802ef      0x2ba ./Core/Src/stm32f1xx_hal_msp.o
                                      0x800da (size before relaxing)
 .debug_str     0x00000000000805a9       0xcd ./Core/Src/stm32f1xx_it.o
                                      0x7fe3c (size before relaxing)
 .debug_str     0x0000000000080676       0x52 ./Core/Src/system_stm32f1xx.o
                                      0x7f4e9 (size before relaxing)
 .debug_str     0x00000000000806c8       0x36 ./Core/Startup/startup_stm32f103c6tx.o
                                         0x54 (size before relaxing)
 .debug_str     0x00000000000806fe      0x304 ./Drivers/STM32F1xx_HAL_Driver/Src/stm32f1xx_hal.o
                                      0x7fb40 (size before relaxing)
 .debug_str     0x0000000000080a02      0x300 ./Drivers/STM32F1xx_HAL_Driver/Src/stm32f1xx_hal_cortex.o
                                      0x7fb48 (size before relaxing)
 .debug_str     0x0000000000080d02      0x316 ./Drivers/STM32F1xx_HAL_Driver/Src/stm32f1xx_hal_gpio.o
                                      0x7f8ad (size before relaxing)
 .debug_str     0x0000000000081018      0x24f ./Drivers/STM32F1xx_HAL_Driver/Src/stm32f1xx_hal_rcc.o
                                      0x7f8e6 (size before relaxing)
 .debug_str     0x0000000000081267      0xdce ./Drivers/STM32F1xx_HAL_Driver/Src/stm32f1xx_hal_tim.o
                                      0x808b8 (size before relaxing)
 .debug_str     0x0000000000082035      0x4ee ./Drivers/STM32F1xx_HAL_Driver/Src/stm32f1xx_hal_tim_ex.o
                                      0x80069 (size before relaxing)

.comment        0x0000000000000000       0x53
 .comment       0x0000000000000000       0x53 ./Core/Src/Display_LED.o
                                         0x54 (size before relaxing)
 .comment       0x0000000000000053       0x54 ./Core/Src/Finite_State_Machine.h.o
 .comment       0x0000000000000053       0x54 ./Core/Src/button.o
 .comment       0x0000000000000053       0x54 ./Core/Src/main.o
 .comment       0x0000000000000053       0x54 ./Core/Src/stm32f1xx_hal_msp.o
 .comment       0x0000000000000053       0x54 ./Core/Src/stm32f1xx_it.o
 .comment       0x0000000000000053       0x54 ./Core/Src/system_stm32f1xx.o
 .comment       0x0000000000000053       0x54 ./Drivers/STM32F1xx_HAL_Driver/Src/stm32f1xx_hal.o
 .comment       0x0000000000000053       0x54 ./Drivers/STM32F1xx_HAL_Driver/Src/stm32f1xx_hal_cortex.o
 .comment       0x0000000000000053       0x54 ./Drivers/STM32F1xx_HAL_Driver/Src/stm32f1xx_hal_gpio.o
 .comment       0x0000000000000053       0x54 ./Drivers/STM32F1xx_HAL_Driver/Src/stm32f1xx_hal_rcc.o
 .comment       0x0000000000000053       0x54 ./Drivers/STM32F1xx_HAL_Driver/Src/stm32f1xx_hal_tim.o
 .comment       0x0000000000000053       0x54 ./Drivers/STM32F1xx_HAL_Driver/Src/stm32f1xx_hal_tim_ex.o

.debug_frame    0x0000000000000000     0x2964
 .debug_frame   0x0000000000000000      0x24c ./Core/Src/Display_LED.o
 .debug_frame   0x000000000000024c       0x84 ./Core/Src/Finite_State_Machine.h.o
 .debug_frame   0x00000000000002d0       0xc8 ./Core/Src/button.o
 .debug_frame   0x0000000000000398       0xd4 ./Core/Src/main.o
 .debug_frame   0x000000000000046c       0x80 ./Core/Src/stm32f1xx_hal_msp.o
 .debug_frame   0x00000000000004ec      0x120 ./Core/Src/stm32f1xx_it.o
 .debug_frame   0x000000000000060c       0x58 ./Core/Src/system_stm32f1xx.o
 .debug_frame   0x0000000000000664      0x334 ./Drivers/STM32F1xx_HAL_Driver/Src/stm32f1xx_hal.o
 .debug_frame   0x0000000000000998      0x428 ./Drivers/STM32F1xx_HAL_Driver/Src/stm32f1xx_hal_cortex.o
 .debug_frame   0x0000000000000dc0      0x14c ./Drivers/STM32F1xx_HAL_Driver/Src/stm32f1xx_hal_gpio.o
 .debug_frame   0x0000000000000f0c      0x21c ./Drivers/STM32F1xx_HAL_Driver/Src/stm32f1xx_hal_rcc.o
 .debug_frame   0x0000000000001128     0x11b8 ./Drivers/STM32F1xx_HAL_Driver/Src/stm32f1xx_hal_tim.o
 .debug_frame   0x00000000000022e0      0x638 ./Drivers/STM32F1xx_HAL_Driver/Src/stm32f1xx_hal_tim_ex.o
 .debug_frame   0x0000000000002918       0x2c d:/stmcute/stm32cubeide_1.7.0/stm32cubeide/plugins/com.st.stm32cube.ide.mcu.externaltools.gnu-tools-for-stm32.9-2020-q2-update.win32_2.0.0.202105311346/tools/bin/../lib/gcc/arm-none-eabi/9.3.1/../../../../arm-none-eabi/lib/thumb/v7-m/nofp\libc_nano.a(lib_a-init.o)
 .debug_frame   0x0000000000002944       0x20 d:/stmcute/stm32cubeide_1.7.0/stm32cubeide/plugins/com.st.stm32cube.ide.mcu.externaltools.gnu-tools-for-stm32.9-2020-q2-update.win32_2.0.0.202105311346/tools/bin/../lib/gcc/arm-none-eabi/9.3.1/../../../../arm-none-eabi/lib/thumb/v7-m/nofp\libc_nano.a(lib_a-memset.o)
